<?xml version="1.0" encoding="utf-8"?>
<outputLog>
  <ApplicationId>02ab05cd-cfdd-49a8-94cc-5d3d86370d64</ApplicationId>
  <FileLogs>
    <FileLog>
      <ProjectId>d188a3b4-9a96-48d8-9363-89ce61c05d83</ProjectId>
      <CorrelationId>Intent.VisualStudio.Projects.CSharpProject#d188a3b4-9a96-48d8-9363-89ce61c05d83</CorrelationId>
      <OverwriteBehaviour>always</OverwriteBehaviour>
      <ApplicationRelativeFilePath>../../src/Aryzac.Documentation/Aryzac.Documentation.csproj</ApplicationRelativeFilePath>
      <ProjectRelativeFilePath>Aryzac.Documentation.csproj</ProjectRelativeFilePath>
      <IsIgnored>false</IsIgnored>
    </FileLog>
    <FileLog>
      <ProjectId>d188a3b4-9a96-48d8-9363-89ce61c05d83</ProjectId>
      <CorrelationId>Intent.ModuleBuilder.IModSpecFile#c9de9c44-ad20-44f9-a42c-6ba9bd13009f</CorrelationId>
      <OverwriteBehaviour>always</OverwriteBehaviour>
      <ApplicationRelativeFilePath>../../src/Aryzac.Documentation/Aryzac.Documentation.imodspec</ApplicationRelativeFilePath>
      <ProjectRelativeFilePath>Aryzac.Documentation.imodspec</ProjectRelativeFilePath>
      <IsIgnored>false</IsIgnored>
    </FileLog>
    <FileLog>
      <ProjectId>f0b5e4f3-e356-41c3-8efe-c8a0f54f6092</ProjectId>
      <CorrelationId>Intent.ModuleBuilder.ProjectItemTemplate.T4Template.PreProcessed#b811f9cc-4f2e-4cc3-acb5-02c198c90ecd</CorrelationId>
      <OverwriteBehaviour>always</OverwriteBehaviour>
      <ApplicationRelativeFilePath>../../src/Aryzac.Documentation/Templates/Application/Command/CommandTemplate.cs</ApplicationRelativeFilePath>
      <ProjectRelativeFilePath>Application/Command/CommandTemplate.cs</ProjectRelativeFilePath>
      <IsIgnored>false</IsIgnored>
    </FileLog>
    <FileLog>
      <ProjectId>f0b5e4f3-e356-41c3-8efe-c8a0f54f6092</ProjectId>
      <CorrelationId>Intent.ModuleBuilder.Templates.FileTemplateT4#b811f9cc-4f2e-4cc3-acb5-02c198c90ecd</CorrelationId>
      <OverwriteBehaviour>always</OverwriteBehaviour>
      <ApplicationRelativeFilePath>../../src/Aryzac.Documentation/Templates/Application/Command/CommandTemplate.tt</ApplicationRelativeFilePath>
      <ProjectRelativeFilePath>Application/Command/CommandTemplate.tt</ProjectRelativeFilePath>
      <IsIgnored>false</IsIgnored>
    </FileLog>
    <FileLog>
      <ProjectId>f0b5e4f3-e356-41c3-8efe-c8a0f54f6092</ProjectId>
      <CorrelationId>Intent.ModuleBuilder.ProjectItemTemplate.Partial#b811f9cc-4f2e-4cc3-acb5-02c198c90ecd</CorrelationId>
      <OverwriteBehaviour>always</OverwriteBehaviour>
      <ApplicationRelativeFilePath>../../src/Aryzac.Documentation/Templates/Application/Command/CommandTemplatePartial.cs</ApplicationRelativeFilePath>
      <ProjectRelativeFilePath>Application/Command/CommandTemplatePartial.cs</ProjectRelativeFilePath>
      <IsIgnored>false</IsIgnored>
    </FileLog>
    <FileLog>
      <ProjectId>f0b5e4f3-e356-41c3-8efe-c8a0f54f6092</ProjectId>
      <CorrelationId>Intent.ModuleBuilder.TemplateRegistration.FilePerModel#b811f9cc-4f2e-4cc3-acb5-02c198c90ecd</CorrelationId>
      <OverwriteBehaviour>always</OverwriteBehaviour>
      <ApplicationRelativeFilePath>../../src/Aryzac.Documentation/Templates/Application/Command/CommandTemplateRegistration.cs</ApplicationRelativeFilePath>
      <ProjectRelativeFilePath>Application/Command/CommandTemplateRegistration.cs</ProjectRelativeFilePath>
      <IsIgnored>false</IsIgnored>
    </FileLog>
    <FileLog>
      <ProjectId>f0b5e4f3-e356-41c3-8efe-c8a0f54f6092</ProjectId>
      <CorrelationId>Intent.ModuleBuilder.ProjectItemTemplate.T4Template.PreProcessed#792b22fb-9c89-4558-835f-2c0af1ffcfd5</CorrelationId>
      <OverwriteBehaviour>always</OverwriteBehaviour>
      <ApplicationRelativeFilePath>../../src/Aryzac.Documentation/Templates/Application/DomainEventHandler/DomainEventHandlerTemplate.cs</ApplicationRelativeFilePath>
      <ProjectRelativeFilePath>Application/DomainEventHandler/DomainEventHandlerTemplate.cs</ProjectRelativeFilePath>
      <IsIgnored>false</IsIgnored>
    </FileLog>
    <FileLog>
      <ProjectId>f0b5e4f3-e356-41c3-8efe-c8a0f54f6092</ProjectId>
      <CorrelationId>Intent.ModuleBuilder.Templates.FileTemplateT4#792b22fb-9c89-4558-835f-2c0af1ffcfd5</CorrelationId>
      <OverwriteBehaviour>always</OverwriteBehaviour>
      <ApplicationRelativeFilePath>../../src/Aryzac.Documentation/Templates/Application/DomainEventHandler/DomainEventHandlerTemplate.tt</ApplicationRelativeFilePath>
      <ProjectRelativeFilePath>Application/DomainEventHandler/DomainEventHandlerTemplate.tt</ProjectRelativeFilePath>
      <IsIgnored>false</IsIgnored>
    </FileLog>
    <FileLog>
      <ProjectId>f0b5e4f3-e356-41c3-8efe-c8a0f54f6092</ProjectId>
      <CorrelationId>Intent.ModuleBuilder.ProjectItemTemplate.Partial#792b22fb-9c89-4558-835f-2c0af1ffcfd5</CorrelationId>
      <OverwriteBehaviour>always</OverwriteBehaviour>
      <ApplicationRelativeFilePath>../../src/Aryzac.Documentation/Templates/Application/DomainEventHandler/DomainEventHandlerTemplatePartial.cs</ApplicationRelativeFilePath>
      <ProjectRelativeFilePath>Application/DomainEventHandler/DomainEventHandlerTemplatePartial.cs</ProjectRelativeFilePath>
      <IsIgnored>false</IsIgnored>
    </FileLog>
    <FileLog>
      <ProjectId>f0b5e4f3-e356-41c3-8efe-c8a0f54f6092</ProjectId>
      <CorrelationId>Intent.ModuleBuilder.TemplateRegistration.FilePerModel#792b22fb-9c89-4558-835f-2c0af1ffcfd5</CorrelationId>
      <OverwriteBehaviour>always</OverwriteBehaviour>
      <ApplicationRelativeFilePath>../../src/Aryzac.Documentation/Templates/Application/DomainEventHandler/DomainEventHandlerTemplateRegistration.cs</ApplicationRelativeFilePath>
      <ProjectRelativeFilePath>Application/DomainEventHandler/DomainEventHandlerTemplateRegistration.cs</ProjectRelativeFilePath>
      <IsIgnored>false</IsIgnored>
    </FileLog>
    <FileLog>
      <ProjectId>f0b5e4f3-e356-41c3-8efe-c8a0f54f6092</ProjectId>
      <CorrelationId>Intent.ModuleBuilder.ProjectItemTemplate.T4Template.PreProcessed#3c9588d4-e715-42ba-928b-c933dfdca064</CorrelationId>
      <OverwriteBehaviour>always</OverwriteBehaviour>
      <ApplicationRelativeFilePath>../../src/Aryzac.Documentation/Templates/Application/IntegrationEvent/IntegrationEventTemplate.cs</ApplicationRelativeFilePath>
      <ProjectRelativeFilePath>Application/IntegrationEvent/IntegrationEventTemplate.cs</ProjectRelativeFilePath>
      <IsIgnored>false</IsIgnored>
    </FileLog>
    <FileLog>
      <ProjectId>f0b5e4f3-e356-41c3-8efe-c8a0f54f6092</ProjectId>
      <CorrelationId>Intent.ModuleBuilder.Templates.FileTemplateT4#3c9588d4-e715-42ba-928b-c933dfdca064</CorrelationId>
      <OverwriteBehaviour>always</OverwriteBehaviour>
      <ApplicationRelativeFilePath>../../src/Aryzac.Documentation/Templates/Application/IntegrationEvent/IntegrationEventTemplate.tt</ApplicationRelativeFilePath>
      <ProjectRelativeFilePath>Application/IntegrationEvent/IntegrationEventTemplate.tt</ProjectRelativeFilePath>
      <IsIgnored>false</IsIgnored>
    </FileLog>
    <FileLog>
      <ProjectId>f0b5e4f3-e356-41c3-8efe-c8a0f54f6092</ProjectId>
      <CorrelationId>Intent.ModuleBuilder.ProjectItemTemplate.Partial#3c9588d4-e715-42ba-928b-c933dfdca064</CorrelationId>
      <OverwriteBehaviour>always</OverwriteBehaviour>
      <ApplicationRelativeFilePath>../../src/Aryzac.Documentation/Templates/Application/IntegrationEvent/IntegrationEventTemplatePartial.cs</ApplicationRelativeFilePath>
      <ProjectRelativeFilePath>Application/IntegrationEvent/IntegrationEventTemplatePartial.cs</ProjectRelativeFilePath>
      <IsIgnored>false</IsIgnored>
    </FileLog>
    <FileLog>
      <ProjectId>f0b5e4f3-e356-41c3-8efe-c8a0f54f6092</ProjectId>
      <CorrelationId>Intent.ModuleBuilder.TemplateRegistration.FilePerModel#3c9588d4-e715-42ba-928b-c933dfdca064</CorrelationId>
      <OverwriteBehaviour>always</OverwriteBehaviour>
      <ApplicationRelativeFilePath>../../src/Aryzac.Documentation/Templates/Application/IntegrationEvent/IntegrationEventTemplateRegistration.cs</ApplicationRelativeFilePath>
      <ProjectRelativeFilePath>Application/IntegrationEvent/IntegrationEventTemplateRegistration.cs</ProjectRelativeFilePath>
      <IsIgnored>false</IsIgnored>
    </FileLog>
    <FileLog>
      <ProjectId>f0b5e4f3-e356-41c3-8efe-c8a0f54f6092</ProjectId>
      <CorrelationId>Intent.ModuleBuilder.ProjectItemTemplate.T4Template.PreProcessed#93d3d69e-c1e8-43ab-a336-aabfab6618ae</CorrelationId>
      <OverwriteBehaviour>always</OverwriteBehaviour>
      <ApplicationRelativeFilePath>../../src/Aryzac.Documentation/Templates/Application/IntegrationEventHandler/IntegrationEventHandlerTemplate.cs</ApplicationRelativeFilePath>
      <ProjectRelativeFilePath>Application/IntegrationEventHandler/IntegrationEventHandlerTemplate.cs</ProjectRelativeFilePath>
      <IsIgnored>false</IsIgnored>
    </FileLog>
    <FileLog>
      <ProjectId>f0b5e4f3-e356-41c3-8efe-c8a0f54f6092</ProjectId>
      <CorrelationId>Intent.ModuleBuilder.Templates.FileTemplateT4#93d3d69e-c1e8-43ab-a336-aabfab6618ae</CorrelationId>
      <OverwriteBehaviour>always</OverwriteBehaviour>
      <ApplicationRelativeFilePath>../../src/Aryzac.Documentation/Templates/Application/IntegrationEventHandler/IntegrationEventHandlerTemplate.tt</ApplicationRelativeFilePath>
      <ProjectRelativeFilePath>Application/IntegrationEventHandler/IntegrationEventHandlerTemplate.tt</ProjectRelativeFilePath>
      <IsIgnored>false</IsIgnored>
    </FileLog>
    <FileLog>
      <ProjectId>f0b5e4f3-e356-41c3-8efe-c8a0f54f6092</ProjectId>
      <CorrelationId>Intent.ModuleBuilder.ProjectItemTemplate.Partial#93d3d69e-c1e8-43ab-a336-aabfab6618ae</CorrelationId>
      <OverwriteBehaviour>always</OverwriteBehaviour>
      <ApplicationRelativeFilePath>../../src/Aryzac.Documentation/Templates/Application/IntegrationEventHandler/IntegrationEventHandlerTemplatePartial.cs</ApplicationRelativeFilePath>
      <ProjectRelativeFilePath>Application/IntegrationEventHandler/IntegrationEventHandlerTemplatePartial.cs</ProjectRelativeFilePath>
      <IsIgnored>false</IsIgnored>
    </FileLog>
    <FileLog>
      <ProjectId>f0b5e4f3-e356-41c3-8efe-c8a0f54f6092</ProjectId>
      <CorrelationId>Intent.ModuleBuilder.TemplateRegistration.FilePerModel#93d3d69e-c1e8-43ab-a336-aabfab6618ae</CorrelationId>
      <OverwriteBehaviour>always</OverwriteBehaviour>
      <ApplicationRelativeFilePath>../../src/Aryzac.Documentation/Templates/Application/IntegrationEventHandler/IntegrationEventHandlerTemplateRegistration.cs</ApplicationRelativeFilePath>
      <ProjectRelativeFilePath>Application/IntegrationEventHandler/IntegrationEventHandlerTemplateRegistration.cs</ProjectRelativeFilePath>
      <IsIgnored>false</IsIgnored>
    </FileLog>
    <FileLog>
      <ProjectId>f0b5e4f3-e356-41c3-8efe-c8a0f54f6092</ProjectId>
      <CorrelationId>Intent.ModuleBuilder.ProjectItemTemplate.T4Template.PreProcessed#04666d1a-e085-493c-8540-9cb7793f0b2a</CorrelationId>
      <OverwriteBehaviour>always</OverwriteBehaviour>
      <ApplicationRelativeFilePath>../../src/Aryzac.Documentation/Templates/Application/Query/QueryTemplate.cs</ApplicationRelativeFilePath>
      <ProjectRelativeFilePath>Application/Query/QueryTemplate.cs</ProjectRelativeFilePath>
      <IsIgnored>false</IsIgnored>
    </FileLog>
    <FileLog>
      <ProjectId>f0b5e4f3-e356-41c3-8efe-c8a0f54f6092</ProjectId>
      <CorrelationId>Intent.ModuleBuilder.Templates.FileTemplateT4#04666d1a-e085-493c-8540-9cb7793f0b2a</CorrelationId>
      <OverwriteBehaviour>always</OverwriteBehaviour>
      <ApplicationRelativeFilePath>../../src/Aryzac.Documentation/Templates/Application/Query/QueryTemplate.tt</ApplicationRelativeFilePath>
      <ProjectRelativeFilePath>Application/Query/QueryTemplate.tt</ProjectRelativeFilePath>
      <IsIgnored>false</IsIgnored>
    </FileLog>
    <FileLog>
      <ProjectId>f0b5e4f3-e356-41c3-8efe-c8a0f54f6092</ProjectId>
      <CorrelationId>Intent.ModuleBuilder.ProjectItemTemplate.Partial#04666d1a-e085-493c-8540-9cb7793f0b2a</CorrelationId>
      <OverwriteBehaviour>always</OverwriteBehaviour>
      <ApplicationRelativeFilePath>../../src/Aryzac.Documentation/Templates/Application/Query/QueryTemplatePartial.cs</ApplicationRelativeFilePath>
      <ProjectRelativeFilePath>Application/Query/QueryTemplatePartial.cs</ProjectRelativeFilePath>
      <IsIgnored>false</IsIgnored>
    </FileLog>
    <FileLog>
      <ProjectId>f0b5e4f3-e356-41c3-8efe-c8a0f54f6092</ProjectId>
      <CorrelationId>Intent.ModuleBuilder.TemplateRegistration.FilePerModel#04666d1a-e085-493c-8540-9cb7793f0b2a</CorrelationId>
      <OverwriteBehaviour>always</OverwriteBehaviour>
      <ApplicationRelativeFilePath>../../src/Aryzac.Documentation/Templates/Application/Query/QueryTemplateRegistration.cs</ApplicationRelativeFilePath>
      <ProjectRelativeFilePath>Application/Query/QueryTemplateRegistration.cs</ProjectRelativeFilePath>
      <IsIgnored>false</IsIgnored>
    </FileLog>
    <FileLog>
      <ProjectId>f0b5e4f3-e356-41c3-8efe-c8a0f54f6092</ProjectId>
      <CorrelationId>Intent.ModuleBuilder.ProjectItemTemplate.T4Template.PreProcessed#eb0f1abb-b343-4b50-845d-939efcf5007e</CorrelationId>
      <OverwriteBehaviour>always</OverwriteBehaviour>
      <ApplicationRelativeFilePath>../../src/Aryzac.Documentation/Templates/Domain/Domain/DomainTemplate.cs</ApplicationRelativeFilePath>
      <ProjectRelativeFilePath>Domain/Domain/DomainTemplate.cs</ProjectRelativeFilePath>
      <IsIgnored>false</IsIgnored>
    </FileLog>
    <FileLog>
      <ProjectId>f0b5e4f3-e356-41c3-8efe-c8a0f54f6092</ProjectId>
      <CorrelationId>Intent.ModuleBuilder.Templates.FileTemplateT4#eb0f1abb-b343-4b50-845d-939efcf5007e</CorrelationId>
      <OverwriteBehaviour>always</OverwriteBehaviour>
      <ApplicationRelativeFilePath>../../src/Aryzac.Documentation/Templates/Domain/Domain/DomainTemplate.tt</ApplicationRelativeFilePath>
      <ProjectRelativeFilePath>Domain/Domain/DomainTemplate.tt</ProjectRelativeFilePath>
      <IsIgnored>false</IsIgnored>
    </FileLog>
    <FileLog>
      <ProjectId>f0b5e4f3-e356-41c3-8efe-c8a0f54f6092</ProjectId>
      <CorrelationId>Intent.ModuleBuilder.ProjectItemTemplate.Partial#eb0f1abb-b343-4b50-845d-939efcf5007e</CorrelationId>
      <OverwriteBehaviour>always</OverwriteBehaviour>
      <ApplicationRelativeFilePath>../../src/Aryzac.Documentation/Templates/Domain/Domain/DomainTemplatePartial.cs</ApplicationRelativeFilePath>
      <ProjectRelativeFilePath>Domain/Domain/DomainTemplatePartial.cs</ProjectRelativeFilePath>
      <IsIgnored>false</IsIgnored>
    </FileLog>
    <FileLog>
      <ProjectId>f0b5e4f3-e356-41c3-8efe-c8a0f54f6092</ProjectId>
      <CorrelationId>Intent.ModuleBuilder.TemplateRegistration.FilePerModel#eb0f1abb-b343-4b50-845d-939efcf5007e</CorrelationId>
      <OverwriteBehaviour>always</OverwriteBehaviour>
      <ApplicationRelativeFilePath>../../src/Aryzac.Documentation/Templates/Domain/Domain/DomainTemplateRegistration.cs</ApplicationRelativeFilePath>
      <ProjectRelativeFilePath>Domain/Domain/DomainTemplateRegistration.cs</ProjectRelativeFilePath>
      <IsIgnored>false</IsIgnored>
    </FileLog>
    <FileLog>
      <ProjectId>f0b5e4f3-e356-41c3-8efe-c8a0f54f6092</ProjectId>
      <CorrelationId>Intent.ModuleBuilder.ProjectItemTemplate.T4Template.PreProcessed#f063fdea-0761-4ea7-bf1d-6c486df2af4f</CorrelationId>
      <OverwriteBehaviour>always</OverwriteBehaviour>
      <ApplicationRelativeFilePath>../../src/Aryzac.Documentation/Templates/Domain/DomainEvent/DomainEventTemplate.cs</ApplicationRelativeFilePath>
      <ProjectRelativeFilePath>Domain/DomainEvent/DomainEventTemplate.cs</ProjectRelativeFilePath>
      <IsIgnored>false</IsIgnored>
    </FileLog>
    <FileLog>
      <ProjectId>f0b5e4f3-e356-41c3-8efe-c8a0f54f6092</ProjectId>
      <CorrelationId>Intent.ModuleBuilder.Templates.FileTemplateT4#f063fdea-0761-4ea7-bf1d-6c486df2af4f</CorrelationId>
      <OverwriteBehaviour>always</OverwriteBehaviour>
      <ApplicationRelativeFilePath>../../src/Aryzac.Documentation/Templates/Domain/DomainEvent/DomainEventTemplate.tt</ApplicationRelativeFilePath>
      <ProjectRelativeFilePath>Domain/DomainEvent/DomainEventTemplate.tt</ProjectRelativeFilePath>
      <IsIgnored>false</IsIgnored>
    </FileLog>
    <FileLog>
      <ProjectId>f0b5e4f3-e356-41c3-8efe-c8a0f54f6092</ProjectId>
      <CorrelationId>Intent.ModuleBuilder.ProjectItemTemplate.Partial#f063fdea-0761-4ea7-bf1d-6c486df2af4f</CorrelationId>
      <OverwriteBehaviour>always</OverwriteBehaviour>
      <ApplicationRelativeFilePath>../../src/Aryzac.Documentation/Templates/Domain/DomainEvent/DomainEventTemplatePartial.cs</ApplicationRelativeFilePath>
      <ProjectRelativeFilePath>Domain/DomainEvent/DomainEventTemplatePartial.cs</ProjectRelativeFilePath>
      <IsIgnored>false</IsIgnored>
    </FileLog>
    <FileLog>
      <ProjectId>f0b5e4f3-e356-41c3-8efe-c8a0f54f6092</ProjectId>
      <CorrelationId>Intent.ModuleBuilder.TemplateRegistration.FilePerModel#f063fdea-0761-4ea7-bf1d-6c486df2af4f</CorrelationId>
      <OverwriteBehaviour>always</OverwriteBehaviour>
      <ApplicationRelativeFilePath>../../src/Aryzac.Documentation/Templates/Domain/DomainEvent/DomainEventTemplateRegistration.cs</ApplicationRelativeFilePath>
      <ProjectRelativeFilePath>Domain/DomainEvent/DomainEventTemplateRegistration.cs</ProjectRelativeFilePath>
      <IsIgnored>false</IsIgnored>
    </FileLog>
    <FileLog>
      <ProjectId>f0b5e4f3-e356-41c3-8efe-c8a0f54f6092</ProjectId>
      <CorrelationId>Intent.ModuleBuilder.ProjectItemTemplate.T4Template.PreProcessed#fd43e8ad-529b-40c9-adea-dee09446e3aa</CorrelationId>
      <OverwriteBehaviour>always</OverwriteBehaviour>
      <ApplicationRelativeFilePath>../../src/Aryzac.Documentation/Templates/Domain/DomainService/DomainServiceTemplate.cs</ApplicationRelativeFilePath>
      <ProjectRelativeFilePath>Domain/DomainService/DomainServiceTemplate.cs</ProjectRelativeFilePath>
      <IsIgnored>false</IsIgnored>
    </FileLog>
    <FileLog>
      <ProjectId>f0b5e4f3-e356-41c3-8efe-c8a0f54f6092</ProjectId>
      <CorrelationId>Intent.ModuleBuilder.Templates.FileTemplateT4#fd43e8ad-529b-40c9-adea-dee09446e3aa</CorrelationId>
      <OverwriteBehaviour>always</OverwriteBehaviour>
      <ApplicationRelativeFilePath>../../src/Aryzac.Documentation/Templates/Domain/DomainService/DomainServiceTemplate.tt</ApplicationRelativeFilePath>
      <ProjectRelativeFilePath>Domain/DomainService/DomainServiceTemplate.tt</ProjectRelativeFilePath>
      <IsIgnored>false</IsIgnored>
    </FileLog>
    <FileLog>
      <ProjectId>f0b5e4f3-e356-41c3-8efe-c8a0f54f6092</ProjectId>
      <CorrelationId>Intent.ModuleBuilder.ProjectItemTemplate.Partial#fd43e8ad-529b-40c9-adea-dee09446e3aa</CorrelationId>
      <OverwriteBehaviour>always</OverwriteBehaviour>
      <ApplicationRelativeFilePath>../../src/Aryzac.Documentation/Templates/Domain/DomainService/DomainServiceTemplatePartial.cs</ApplicationRelativeFilePath>
      <ProjectRelativeFilePath>Domain/DomainService/DomainServiceTemplatePartial.cs</ProjectRelativeFilePath>
      <IsIgnored>false</IsIgnored>
    </FileLog>
    <FileLog>
      <ProjectId>f0b5e4f3-e356-41c3-8efe-c8a0f54f6092</ProjectId>
      <CorrelationId>Intent.ModuleBuilder.TemplateRegistration.FilePerModel#fd43e8ad-529b-40c9-adea-dee09446e3aa</CorrelationId>
      <OverwriteBehaviour>always</OverwriteBehaviour>
      <ApplicationRelativeFilePath>../../src/Aryzac.Documentation/Templates/Domain/DomainService/DomainServiceTemplateRegistration.cs</ApplicationRelativeFilePath>
      <ProjectRelativeFilePath>Domain/DomainService/DomainServiceTemplateRegistration.cs</ProjectRelativeFilePath>
      <IsIgnored>false</IsIgnored>
    </FileLog>
    <FileLog>
      <CorrelationId>Intent.VisualStudio.Projects.VisualStudioSolution#b97baf61-6072-4778-a17b-75b34a116744</CorrelationId>
      <OverwriteBehaviour>always</OverwriteBehaviour>
      <ApplicationRelativeFilePath>../../src/Aryzac.sln</ApplicationRelativeFilePath>
      <IsIgnored>false</IsIgnored>
    </FileLog>
  </FileLogs>
</outputLog>