<?xml version="1.0" encoding="utf-8"?>
<outputLog>
  <ApplicationId>36712813-e594-4c38-a292-fe5193757ec4</ApplicationId>
  <FileLogs>
    <FileLog>
      <ProjectId>70a1cd82-d6c3-44a0-b30e-30156d625362</ProjectId>
      <CorrelationId>Intent.ModuleBuilder.Templates.Api.ApiElementModelExtensions#04e12b51-ed12-42a3-9667-a6aa81bb6d10</CorrelationId>
      <OverwriteBehaviour>always</OverwriteBehaviour>
      <ApplicationRelativeFilePath>../../src/Aryzac.GitHubIssues/Api/ClassModelStereotypeExtensions.cs</ApplicationRelativeFilePath>
      <ProjectRelativeFilePath>ClassModelStereotypeExtensions.cs</ProjectRelativeFilePath>
      <IsIgnored>false</IsIgnored>
    </FileLog>
    <FileLog>
      <ProjectId>70a1cd82-d6c3-44a0-b30e-30156d625362</ProjectId>
      <CorrelationId>Intent.ModuleBuilder.Templates.Api.ApiElementModelExtensions#ccf14eb6-3a55-4d81-b5b9-d27311c70cb9</CorrelationId>
      <OverwriteBehaviour>always</OverwriteBehaviour>
      <ApplicationRelativeFilePath>../../src/Aryzac.GitHubIssues/Api/CommandModelStereotypeExtensions.cs</ApplicationRelativeFilePath>
      <ProjectRelativeFilePath>CommandModelStereotypeExtensions.cs</ProjectRelativeFilePath>
      <IsIgnored>false</IsIgnored>
    </FileLog>
    <FileLog>
      <ProjectId>70a1cd82-d6c3-44a0-b30e-30156d625362</ProjectId>
      <CorrelationId>Intent.ModuleBuilder.Templates.Api.ApiElementModelExtensions#0814e459-fb9b-47db-b7eb-32ce30397e8a</CorrelationId>
      <OverwriteBehaviour>always</OverwriteBehaviour>
      <ApplicationRelativeFilePath>../../src/Aryzac.GitHubIssues/Api/DomainEventModelStereotypeExtensions.cs</ApplicationRelativeFilePath>
      <ProjectRelativeFilePath>DomainEventModelStereotypeExtensions.cs</ProjectRelativeFilePath>
      <IsIgnored>false</IsIgnored>
    </FileLog>
    <FileLog>
      <ProjectId>70a1cd82-d6c3-44a0-b30e-30156d625362</ProjectId>
      <CorrelationId>Intent.ModuleBuilder.Templates.Api.ApiElementModelExtensions#fee0edca-4aa0-4f77-a524-6bbd84e78734</CorrelationId>
      <OverwriteBehaviour>always</OverwriteBehaviour>
      <ApplicationRelativeFilePath>../../src/Aryzac.GitHubIssues/Api/DTOModelStereotypeExtensions.cs</ApplicationRelativeFilePath>
      <ProjectRelativeFilePath>DTOModelStereotypeExtensions.cs</ProjectRelativeFilePath>
      <IsIgnored>false</IsIgnored>
    </FileLog>
    <FileLog>
      <ProjectId>70a1cd82-d6c3-44a0-b30e-30156d625362</ProjectId>
      <CorrelationId>Intent.ModuleBuilder.Templates.Api.ApiElementModelExtensions#544f1d57-27ce-4985-a4ec-cc01568d72b0</CorrelationId>
      <OverwriteBehaviour>always</OverwriteBehaviour>
      <ApplicationRelativeFilePath>../../src/Aryzac.GitHubIssues/Api/EventingDTOModelStereotypeExtensions.cs</ApplicationRelativeFilePath>
      <ProjectRelativeFilePath>EventingDTOModelStereotypeExtensions.cs</ProjectRelativeFilePath>
      <IsIgnored>false</IsIgnored>
    </FileLog>
    <FileLog>
      <ProjectId>70a1cd82-d6c3-44a0-b30e-30156d625362</ProjectId>
      <CorrelationId>Intent.ModuleBuilder.Templates.Api.ApiElementModelExtensions#cbe970af-5bad-4d92-a3ed-a24b9fdaa23e</CorrelationId>
      <OverwriteBehaviour>always</OverwriteBehaviour>
      <ApplicationRelativeFilePath>../../src/Aryzac.GitHubIssues/Api/MessageModelStereotypeExtensions.cs</ApplicationRelativeFilePath>
      <ProjectRelativeFilePath>MessageModelStereotypeExtensions.cs</ProjectRelativeFilePath>
      <IsIgnored>false</IsIgnored>
    </FileLog>
    <FileLog>
      <ProjectId>70a1cd82-d6c3-44a0-b30e-30156d625362</ProjectId>
      <CorrelationId>Intent.ModuleBuilder.Templates.Api.ApiElementModelExtensions#e71b0662-e29d-4db2-868b-8a12464b25d0</CorrelationId>
      <OverwriteBehaviour>always</OverwriteBehaviour>
      <ApplicationRelativeFilePath>../../src/Aryzac.GitHubIssues/Api/QueryModelStereotypeExtensions.cs</ApplicationRelativeFilePath>
      <ProjectRelativeFilePath>QueryModelStereotypeExtensions.cs</ProjectRelativeFilePath>
      <IsIgnored>false</IsIgnored>
    </FileLog>
    <FileLog>
      <ProjectId>70a1cd82-d6c3-44a0-b30e-30156d625362</ProjectId>
      <CorrelationId>Intent.ModuleBuilder.Templates.Api.ApiElementModelExtensions#5fe6bb0a-7fc3-42ae-a351-d9188f5b8bc5</CorrelationId>
      <OverwriteBehaviour>always</OverwriteBehaviour>
      <ApplicationRelativeFilePath>../../src/Aryzac.GitHubIssues/Api/ValueObjectModelStereotypeExtensions.cs</ApplicationRelativeFilePath>
      <ProjectRelativeFilePath>ValueObjectModelStereotypeExtensions.cs</ProjectRelativeFilePath>
      <IsIgnored>false</IsIgnored>
    </FileLog>
    <FileLog>
      <ProjectId>1ec22268-17c2-4d42-b447-b938fffa52ac</ProjectId>
      <CorrelationId>Intent.VisualStudio.Projects.CSharpProject#1ec22268-17c2-4d42-b447-b938fffa52ac</CorrelationId>
      <OverwriteBehaviour>always</OverwriteBehaviour>
      <ApplicationRelativeFilePath>../../src/Aryzac.GitHubIssues/Aryzac.GitHubIssues.csproj</ApplicationRelativeFilePath>
      <ProjectRelativeFilePath>Aryzac.GitHubIssues.csproj</ProjectRelativeFilePath>
      <IsIgnored>false</IsIgnored>
    </FileLog>
    <FileLog>
      <ProjectId>1ec22268-17c2-4d42-b447-b938fffa52ac</ProjectId>
      <CorrelationId>Intent.ModuleBuilder.IModSpecFile#b2e4d905-d89f-4de5-847d-93205e259108</CorrelationId>
      <OverwriteBehaviour>always</OverwriteBehaviour>
      <ApplicationRelativeFilePath>../../src/Aryzac.GitHubIssues/Aryzac.GitHubIssues.imodspec</ApplicationRelativeFilePath>
      <ProjectRelativeFilePath>Aryzac.GitHubIssues.imodspec</ProjectRelativeFilePath>
      <IsIgnored>false</IsIgnored>
    </FileLog>
    <FileLog>
      <ProjectId>a0d86f7a-a607-4709-8731-364d1826dadc</ProjectId>
      <CorrelationId>Intent.ModuleBuilder.ProjectItemTemplate.T4Template.PreProcessed#a4e8e365-f5b5-4610-aebc-e8c7a2878498</CorrelationId>
      <OverwriteBehaviour>always</OverwriteBehaviour>
      <ApplicationRelativeFilePath>../../src/Aryzac.GitHubIssues/Templates/Api/HttpEndpointCommand/HttpEndpointCommandTemplate.cs</ApplicationRelativeFilePath>
      <ProjectRelativeFilePath>Api/HttpEndpointCommand/HttpEndpointCommandTemplate.cs</ProjectRelativeFilePath>
      <IsIgnored>false</IsIgnored>
    </FileLog>
    <FileLog>
      <ProjectId>a0d86f7a-a607-4709-8731-364d1826dadc</ProjectId>
      <CorrelationId>Intent.ModuleBuilder.Templates.FileTemplateT4#a4e8e365-f5b5-4610-aebc-e8c7a2878498</CorrelationId>
      <OverwriteBehaviour>always</OverwriteBehaviour>
      <ApplicationRelativeFilePath>../../src/Aryzac.GitHubIssues/Templates/Api/HttpEndpointCommand/HttpEndpointCommandTemplate.tt</ApplicationRelativeFilePath>
      <ProjectRelativeFilePath>Api/HttpEndpointCommand/HttpEndpointCommandTemplate.tt</ProjectRelativeFilePath>
      <IsIgnored>false</IsIgnored>
    </FileLog>
    <FileLog>
      <ProjectId>a0d86f7a-a607-4709-8731-364d1826dadc</ProjectId>
      <CorrelationId>Intent.ModuleBuilder.ProjectItemTemplate.Partial#a4e8e365-f5b5-4610-aebc-e8c7a2878498</CorrelationId>
      <OverwriteBehaviour>always</OverwriteBehaviour>
      <ApplicationRelativeFilePath>../../src/Aryzac.GitHubIssues/Templates/Api/HttpEndpointCommand/HttpEndpointCommandTemplatePartial.cs</ApplicationRelativeFilePath>
      <ProjectRelativeFilePath>Api/HttpEndpointCommand/HttpEndpointCommandTemplatePartial.cs</ProjectRelativeFilePath>
      <IsIgnored>false</IsIgnored>
    </FileLog>
    <FileLog>
      <ProjectId>a0d86f7a-a607-4709-8731-364d1826dadc</ProjectId>
      <CorrelationId>Intent.ModuleBuilder.TemplateRegistration.FilePerModel#a4e8e365-f5b5-4610-aebc-e8c7a2878498</CorrelationId>
      <OverwriteBehaviour>always</OverwriteBehaviour>
      <ApplicationRelativeFilePath>../../src/Aryzac.GitHubIssues/Templates/Api/HttpEndpointCommand/HttpEndpointCommandTemplateRegistration.cs</ApplicationRelativeFilePath>
      <ProjectRelativeFilePath>Api/HttpEndpointCommand/HttpEndpointCommandTemplateRegistration.cs</ProjectRelativeFilePath>
      <IsIgnored>false</IsIgnored>
    </FileLog>
    <FileLog>
      <ProjectId>a0d86f7a-a607-4709-8731-364d1826dadc</ProjectId>
      <CorrelationId>Intent.ModuleBuilder.ProjectItemTemplate.T4Template.PreProcessed#43bf2471-1b34-47b5-8a7a-b3a611551077</CorrelationId>
      <OverwriteBehaviour>always</OverwriteBehaviour>
      <ApplicationRelativeFilePath>../../src/Aryzac.GitHubIssues/Templates/Api/HttpEndpointDto/HttpEndpointDtoTemplate.cs</ApplicationRelativeFilePath>
      <ProjectRelativeFilePath>Api/HttpEndpointDto/HttpEndpointDtoTemplate.cs</ProjectRelativeFilePath>
      <IsIgnored>false</IsIgnored>
    </FileLog>
    <FileLog>
      <ProjectId>a0d86f7a-a607-4709-8731-364d1826dadc</ProjectId>
      <CorrelationId>Intent.ModuleBuilder.Templates.FileTemplateT4#43bf2471-1b34-47b5-8a7a-b3a611551077</CorrelationId>
      <OverwriteBehaviour>always</OverwriteBehaviour>
      <ApplicationRelativeFilePath>../../src/Aryzac.GitHubIssues/Templates/Api/HttpEndpointDto/HttpEndpointDtoTemplate.tt</ApplicationRelativeFilePath>
      <ProjectRelativeFilePath>Api/HttpEndpointDto/HttpEndpointDtoTemplate.tt</ProjectRelativeFilePath>
      <IsIgnored>false</IsIgnored>
    </FileLog>
    <FileLog>
      <ProjectId>a0d86f7a-a607-4709-8731-364d1826dadc</ProjectId>
      <CorrelationId>Intent.ModuleBuilder.ProjectItemTemplate.Partial#43bf2471-1b34-47b5-8a7a-b3a611551077</CorrelationId>
      <OverwriteBehaviour>always</OverwriteBehaviour>
      <ApplicationRelativeFilePath>../../src/Aryzac.GitHubIssues/Templates/Api/HttpEndpointDto/HttpEndpointDtoTemplatePartial.cs</ApplicationRelativeFilePath>
      <ProjectRelativeFilePath>Api/HttpEndpointDto/HttpEndpointDtoTemplatePartial.cs</ProjectRelativeFilePath>
      <IsIgnored>false</IsIgnored>
    </FileLog>
    <FileLog>
      <ProjectId>a0d86f7a-a607-4709-8731-364d1826dadc</ProjectId>
      <CorrelationId>Intent.ModuleBuilder.TemplateRegistration.FilePerModel#43bf2471-1b34-47b5-8a7a-b3a611551077</CorrelationId>
      <OverwriteBehaviour>always</OverwriteBehaviour>
      <ApplicationRelativeFilePath>../../src/Aryzac.GitHubIssues/Templates/Api/HttpEndpointDto/HttpEndpointDtoTemplateRegistration.cs</ApplicationRelativeFilePath>
      <ProjectRelativeFilePath>Api/HttpEndpointDto/HttpEndpointDtoTemplateRegistration.cs</ProjectRelativeFilePath>
      <IsIgnored>false</IsIgnored>
    </FileLog>
    <FileLog>
      <ProjectId>a0d86f7a-a607-4709-8731-364d1826dadc</ProjectId>
      <CorrelationId>Intent.ModuleBuilder.ProjectItemTemplate.T4Template.PreProcessed#f3ef4483-80d3-47c9-9ba1-f177628f1e23</CorrelationId>
      <OverwriteBehaviour>always</OverwriteBehaviour>
      <ApplicationRelativeFilePath>../../src/Aryzac.GitHubIssues/Templates/Api/HttpEndpointQuery/HttpEndpointQueryTemplate.cs</ApplicationRelativeFilePath>
      <ProjectRelativeFilePath>Api/HttpEndpointQuery/HttpEndpointQueryTemplate.cs</ProjectRelativeFilePath>
      <IsIgnored>false</IsIgnored>
    </FileLog>
    <FileLog>
      <ProjectId>a0d86f7a-a607-4709-8731-364d1826dadc</ProjectId>
      <CorrelationId>Intent.ModuleBuilder.Templates.FileTemplateT4#f3ef4483-80d3-47c9-9ba1-f177628f1e23</CorrelationId>
      <OverwriteBehaviour>always</OverwriteBehaviour>
      <ApplicationRelativeFilePath>../../src/Aryzac.GitHubIssues/Templates/Api/HttpEndpointQuery/HttpEndpointQueryTemplate.tt</ApplicationRelativeFilePath>
      <ProjectRelativeFilePath>Api/HttpEndpointQuery/HttpEndpointQueryTemplate.tt</ProjectRelativeFilePath>
      <IsIgnored>false</IsIgnored>
    </FileLog>
    <FileLog>
      <ProjectId>a0d86f7a-a607-4709-8731-364d1826dadc</ProjectId>
      <CorrelationId>Intent.ModuleBuilder.ProjectItemTemplate.Partial#f3ef4483-80d3-47c9-9ba1-f177628f1e23</CorrelationId>
      <OverwriteBehaviour>always</OverwriteBehaviour>
      <ApplicationRelativeFilePath>../../src/Aryzac.GitHubIssues/Templates/Api/HttpEndpointQuery/HttpEndpointQueryTemplatePartial.cs</ApplicationRelativeFilePath>
      <ProjectRelativeFilePath>Api/HttpEndpointQuery/HttpEndpointQueryTemplatePartial.cs</ProjectRelativeFilePath>
      <IsIgnored>false</IsIgnored>
    </FileLog>
    <FileLog>
      <ProjectId>a0d86f7a-a607-4709-8731-364d1826dadc</ProjectId>
      <CorrelationId>Intent.ModuleBuilder.TemplateRegistration.FilePerModel#f3ef4483-80d3-47c9-9ba1-f177628f1e23</CorrelationId>
      <OverwriteBehaviour>always</OverwriteBehaviour>
      <ApplicationRelativeFilePath>../../src/Aryzac.GitHubIssues/Templates/Api/HttpEndpointQuery/HttpEndpointQueryTemplateRegistration.cs</ApplicationRelativeFilePath>
      <ProjectRelativeFilePath>Api/HttpEndpointQuery/HttpEndpointQueryTemplateRegistration.cs</ProjectRelativeFilePath>
      <IsIgnored>false</IsIgnored>
    </FileLog>
    <FileLog>
      <ProjectId>a0d86f7a-a607-4709-8731-364d1826dadc</ProjectId>
      <CorrelationId>Intent.ModuleBuilder.ProjectItemTemplate.T4Template.PreProcessed#964f5f20-1346-4ea7-8717-f43d8e0bdd90</CorrelationId>
      <OverwriteBehaviour>always</OverwriteBehaviour>
      <ApplicationRelativeFilePath>../../src/Aryzac.GitHubIssues/Templates/Application/Command/CommandTemplate.cs</ApplicationRelativeFilePath>
      <ProjectRelativeFilePath>Application/Command/CommandTemplate.cs</ProjectRelativeFilePath>
      <IsIgnored>false</IsIgnored>
    </FileLog>
    <FileLog>
      <ProjectId>a0d86f7a-a607-4709-8731-364d1826dadc</ProjectId>
      <CorrelationId>Intent.ModuleBuilder.Templates.FileTemplateT4#964f5f20-1346-4ea7-8717-f43d8e0bdd90</CorrelationId>
      <OverwriteBehaviour>always</OverwriteBehaviour>
      <ApplicationRelativeFilePath>../../src/Aryzac.GitHubIssues/Templates/Application/Command/CommandTemplate.tt</ApplicationRelativeFilePath>
      <ProjectRelativeFilePath>Application/Command/CommandTemplate.tt</ProjectRelativeFilePath>
      <IsIgnored>false</IsIgnored>
    </FileLog>
    <FileLog>
      <ProjectId>a0d86f7a-a607-4709-8731-364d1826dadc</ProjectId>
      <CorrelationId>Intent.ModuleBuilder.ProjectItemTemplate.Partial#964f5f20-1346-4ea7-8717-f43d8e0bdd90</CorrelationId>
      <OverwriteBehaviour>always</OverwriteBehaviour>
      <ApplicationRelativeFilePath>../../src/Aryzac.GitHubIssues/Templates/Application/Command/CommandTemplatePartial.cs</ApplicationRelativeFilePath>
      <ProjectRelativeFilePath>Application/Command/CommandTemplatePartial.cs</ProjectRelativeFilePath>
      <IsIgnored>false</IsIgnored>
    </FileLog>
    <FileLog>
      <ProjectId>a0d86f7a-a607-4709-8731-364d1826dadc</ProjectId>
      <CorrelationId>Intent.ModuleBuilder.TemplateRegistration.FilePerModel#964f5f20-1346-4ea7-8717-f43d8e0bdd90</CorrelationId>
      <OverwriteBehaviour>always</OverwriteBehaviour>
      <ApplicationRelativeFilePath>../../src/Aryzac.GitHubIssues/Templates/Application/Command/CommandTemplateRegistration.cs</ApplicationRelativeFilePath>
      <ProjectRelativeFilePath>Application/Command/CommandTemplateRegistration.cs</ProjectRelativeFilePath>
      <IsIgnored>false</IsIgnored>
    </FileLog>
    <FileLog>
      <ProjectId>a0d86f7a-a607-4709-8731-364d1826dadc</ProjectId>
      <CorrelationId>Intent.ModuleBuilder.ProjectItemTemplate.T4Template.PreProcessed#b60aad35-7110-4e64-b8c0-181a9970892b</CorrelationId>
      <OverwriteBehaviour>always</OverwriteBehaviour>
      <ApplicationRelativeFilePath>../../src/Aryzac.GitHubIssues/Templates/Application/IntegrationEvent/IntegrationEventTemplate.cs</ApplicationRelativeFilePath>
      <ProjectRelativeFilePath>Application/IntegrationEvent/IntegrationEventTemplate.cs</ProjectRelativeFilePath>
      <IsIgnored>false</IsIgnored>
    </FileLog>
    <FileLog>
      <ProjectId>a0d86f7a-a607-4709-8731-364d1826dadc</ProjectId>
      <CorrelationId>Intent.ModuleBuilder.Templates.FileTemplateT4#b60aad35-7110-4e64-b8c0-181a9970892b</CorrelationId>
      <OverwriteBehaviour>always</OverwriteBehaviour>
      <ApplicationRelativeFilePath>../../src/Aryzac.GitHubIssues/Templates/Application/IntegrationEvent/IntegrationEventTemplate.tt</ApplicationRelativeFilePath>
      <ProjectRelativeFilePath>Application/IntegrationEvent/IntegrationEventTemplate.tt</ProjectRelativeFilePath>
      <IsIgnored>false</IsIgnored>
    </FileLog>
    <FileLog>
      <ProjectId>a0d86f7a-a607-4709-8731-364d1826dadc</ProjectId>
      <CorrelationId>Intent.ModuleBuilder.ProjectItemTemplate.Partial#b60aad35-7110-4e64-b8c0-181a9970892b</CorrelationId>
      <OverwriteBehaviour>always</OverwriteBehaviour>
      <ApplicationRelativeFilePath>../../src/Aryzac.GitHubIssues/Templates/Application/IntegrationEvent/IntegrationEventTemplatePartial.cs</ApplicationRelativeFilePath>
      <ProjectRelativeFilePath>Application/IntegrationEvent/IntegrationEventTemplatePartial.cs</ProjectRelativeFilePath>
      <IsIgnored>false</IsIgnored>
    </FileLog>
    <FileLog>
      <ProjectId>a0d86f7a-a607-4709-8731-364d1826dadc</ProjectId>
      <CorrelationId>Intent.ModuleBuilder.TemplateRegistration.FilePerModel#b60aad35-7110-4e64-b8c0-181a9970892b</CorrelationId>
      <OverwriteBehaviour>always</OverwriteBehaviour>
      <ApplicationRelativeFilePath>../../src/Aryzac.GitHubIssues/Templates/Application/IntegrationEvent/IntegrationEventTemplateRegistration.cs</ApplicationRelativeFilePath>
      <ProjectRelativeFilePath>Application/IntegrationEvent/IntegrationEventTemplateRegistration.cs</ProjectRelativeFilePath>
      <IsIgnored>false</IsIgnored>
    </FileLog>
    <FileLog>
      <ProjectId>a0d86f7a-a607-4709-8731-364d1826dadc</ProjectId>
      <CorrelationId>Intent.ModuleBuilder.ProjectItemTemplate.T4Template.PreProcessed#dce121c6-66d9-4703-a3c3-b7ba49e8a198</CorrelationId>
      <OverwriteBehaviour>always</OverwriteBehaviour>
      <ApplicationRelativeFilePath>../../src/Aryzac.GitHubIssues/Templates/Application/IntegrationEventDto/IntegrationEventDtoTemplate.cs</ApplicationRelativeFilePath>
      <ProjectRelativeFilePath>Application/IntegrationEventDto/IntegrationEventDtoTemplate.cs</ProjectRelativeFilePath>
      <IsIgnored>false</IsIgnored>
    </FileLog>
    <FileLog>
      <ProjectId>a0d86f7a-a607-4709-8731-364d1826dadc</ProjectId>
      <CorrelationId>Intent.ModuleBuilder.Templates.FileTemplateT4#dce121c6-66d9-4703-a3c3-b7ba49e8a198</CorrelationId>
      <OverwriteBehaviour>always</OverwriteBehaviour>
      <ApplicationRelativeFilePath>../../src/Aryzac.GitHubIssues/Templates/Application/IntegrationEventDto/IntegrationEventDtoTemplate.tt</ApplicationRelativeFilePath>
      <ProjectRelativeFilePath>Application/IntegrationEventDto/IntegrationEventDtoTemplate.tt</ProjectRelativeFilePath>
      <IsIgnored>false</IsIgnored>
    </FileLog>
    <FileLog>
      <ProjectId>a0d86f7a-a607-4709-8731-364d1826dadc</ProjectId>
      <CorrelationId>Intent.ModuleBuilder.ProjectItemTemplate.Partial#dce121c6-66d9-4703-a3c3-b7ba49e8a198</CorrelationId>
      <OverwriteBehaviour>always</OverwriteBehaviour>
      <ApplicationRelativeFilePath>../../src/Aryzac.GitHubIssues/Templates/Application/IntegrationEventDto/IntegrationEventDtoTemplatePartial.cs</ApplicationRelativeFilePath>
      <ProjectRelativeFilePath>Application/IntegrationEventDto/IntegrationEventDtoTemplatePartial.cs</ProjectRelativeFilePath>
      <IsIgnored>false</IsIgnored>
    </FileLog>
    <FileLog>
      <ProjectId>a0d86f7a-a607-4709-8731-364d1826dadc</ProjectId>
      <CorrelationId>Intent.ModuleBuilder.TemplateRegistration.FilePerModel#dce121c6-66d9-4703-a3c3-b7ba49e8a198</CorrelationId>
      <OverwriteBehaviour>always</OverwriteBehaviour>
      <ApplicationRelativeFilePath>../../src/Aryzac.GitHubIssues/Templates/Application/IntegrationEventDto/IntegrationEventDtoTemplateRegistration.cs</ApplicationRelativeFilePath>
      <ProjectRelativeFilePath>Application/IntegrationEventDto/IntegrationEventDtoTemplateRegistration.cs</ProjectRelativeFilePath>
      <IsIgnored>false</IsIgnored>
    </FileLog>
    <FileLog>
      <ProjectId>a0d86f7a-a607-4709-8731-364d1826dadc</ProjectId>
      <CorrelationId>Intent.ModuleBuilder.ProjectItemTemplate.T4Template.PreProcessed#714a2618-9834-43d8-b08c-04c63e0845b9</CorrelationId>
      <OverwriteBehaviour>always</OverwriteBehaviour>
      <ApplicationRelativeFilePath>../../src/Aryzac.GitHubIssues/Templates/Application/Query/QueryTemplate.cs</ApplicationRelativeFilePath>
      <ProjectRelativeFilePath>Application/Query/QueryTemplate.cs</ProjectRelativeFilePath>
      <IsIgnored>false</IsIgnored>
    </FileLog>
    <FileLog>
      <ProjectId>a0d86f7a-a607-4709-8731-364d1826dadc</ProjectId>
      <CorrelationId>Intent.ModuleBuilder.Templates.FileTemplateT4#714a2618-9834-43d8-b08c-04c63e0845b9</CorrelationId>
      <OverwriteBehaviour>always</OverwriteBehaviour>
      <ApplicationRelativeFilePath>../../src/Aryzac.GitHubIssues/Templates/Application/Query/QueryTemplate.tt</ApplicationRelativeFilePath>
      <ProjectRelativeFilePath>Application/Query/QueryTemplate.tt</ProjectRelativeFilePath>
      <IsIgnored>false</IsIgnored>
    </FileLog>
    <FileLog>
      <ProjectId>a0d86f7a-a607-4709-8731-364d1826dadc</ProjectId>
      <CorrelationId>Intent.ModuleBuilder.ProjectItemTemplate.Partial#714a2618-9834-43d8-b08c-04c63e0845b9</CorrelationId>
      <OverwriteBehaviour>always</OverwriteBehaviour>
      <ApplicationRelativeFilePath>../../src/Aryzac.GitHubIssues/Templates/Application/Query/QueryTemplatePartial.cs</ApplicationRelativeFilePath>
      <ProjectRelativeFilePath>Application/Query/QueryTemplatePartial.cs</ProjectRelativeFilePath>
      <IsIgnored>false</IsIgnored>
    </FileLog>
    <FileLog>
      <ProjectId>a0d86f7a-a607-4709-8731-364d1826dadc</ProjectId>
      <CorrelationId>Intent.ModuleBuilder.TemplateRegistration.FilePerModel#714a2618-9834-43d8-b08c-04c63e0845b9</CorrelationId>
      <OverwriteBehaviour>always</OverwriteBehaviour>
      <ApplicationRelativeFilePath>../../src/Aryzac.GitHubIssues/Templates/Application/Query/QueryTemplateRegistration.cs</ApplicationRelativeFilePath>
      <ProjectRelativeFilePath>Application/Query/QueryTemplateRegistration.cs</ProjectRelativeFilePath>
      <IsIgnored>false</IsIgnored>
    </FileLog>
    <FileLog>
      <ProjectId>a0d86f7a-a607-4709-8731-364d1826dadc</ProjectId>
      <CorrelationId>Intent.ModuleBuilder.ProjectItemTemplate.T4Template.PreProcessed#3e68c915-af17-472e-8a51-f4946784f7ed</CorrelationId>
      <OverwriteBehaviour>always</OverwriteBehaviour>
      <ApplicationRelativeFilePath>../../src/Aryzac.GitHubIssues/Templates/Domain/Domain/DomainTemplate.cs</ApplicationRelativeFilePath>
      <ProjectRelativeFilePath>Domain/Domain/DomainTemplate.cs</ProjectRelativeFilePath>
      <IsIgnored>false</IsIgnored>
    </FileLog>
    <FileLog>
      <ProjectId>a0d86f7a-a607-4709-8731-364d1826dadc</ProjectId>
      <CorrelationId>Intent.ModuleBuilder.Templates.FileTemplateT4#3e68c915-af17-472e-8a51-f4946784f7ed</CorrelationId>
      <OverwriteBehaviour>always</OverwriteBehaviour>
      <ApplicationRelativeFilePath>../../src/Aryzac.GitHubIssues/Templates/Domain/Domain/DomainTemplate.tt</ApplicationRelativeFilePath>
      <ProjectRelativeFilePath>Domain/Domain/DomainTemplate.tt</ProjectRelativeFilePath>
      <IsIgnored>false</IsIgnored>
    </FileLog>
    <FileLog>
      <ProjectId>a0d86f7a-a607-4709-8731-364d1826dadc</ProjectId>
      <CorrelationId>Intent.ModuleBuilder.ProjectItemTemplate.Partial#3e68c915-af17-472e-8a51-f4946784f7ed</CorrelationId>
      <OverwriteBehaviour>always</OverwriteBehaviour>
      <ApplicationRelativeFilePath>../../src/Aryzac.GitHubIssues/Templates/Domain/Domain/DomainTemplatePartial.cs</ApplicationRelativeFilePath>
      <ProjectRelativeFilePath>Domain/Domain/DomainTemplatePartial.cs</ProjectRelativeFilePath>
      <IsIgnored>false</IsIgnored>
    </FileLog>
    <FileLog>
      <ProjectId>a0d86f7a-a607-4709-8731-364d1826dadc</ProjectId>
      <CorrelationId>Intent.ModuleBuilder.TemplateRegistration.FilePerModel#3e68c915-af17-472e-8a51-f4946784f7ed</CorrelationId>
      <OverwriteBehaviour>always</OverwriteBehaviour>
      <ApplicationRelativeFilePath>../../src/Aryzac.GitHubIssues/Templates/Domain/Domain/DomainTemplateRegistration.cs</ApplicationRelativeFilePath>
      <ProjectRelativeFilePath>Domain/Domain/DomainTemplateRegistration.cs</ProjectRelativeFilePath>
      <IsIgnored>false</IsIgnored>
    </FileLog>
    <FileLog>
      <ProjectId>a0d86f7a-a607-4709-8731-364d1826dadc</ProjectId>
      <CorrelationId>Intent.ModuleBuilder.ProjectItemTemplate.T4Template.PreProcessed#81481d0d-dce6-4761-aa0d-7fc635399735</CorrelationId>
      <OverwriteBehaviour>always</OverwriteBehaviour>
      <ApplicationRelativeFilePath>../../src/Aryzac.GitHubIssues/Templates/Domain/DomainDto/DomainDtoTemplate.cs</ApplicationRelativeFilePath>
      <ProjectRelativeFilePath>Domain/DomainDto/DomainDtoTemplate.cs</ProjectRelativeFilePath>
      <IsIgnored>false</IsIgnored>
    </FileLog>
    <FileLog>
      <ProjectId>a0d86f7a-a607-4709-8731-364d1826dadc</ProjectId>
      <CorrelationId>Intent.ModuleBuilder.Templates.FileTemplateT4#81481d0d-dce6-4761-aa0d-7fc635399735</CorrelationId>
      <OverwriteBehaviour>always</OverwriteBehaviour>
      <ApplicationRelativeFilePath>../../src/Aryzac.GitHubIssues/Templates/Domain/DomainDto/DomainDtoTemplate.tt</ApplicationRelativeFilePath>
      <ProjectRelativeFilePath>Domain/DomainDto/DomainDtoTemplate.tt</ProjectRelativeFilePath>
      <IsIgnored>false</IsIgnored>
    </FileLog>
    <FileLog>
      <ProjectId>a0d86f7a-a607-4709-8731-364d1826dadc</ProjectId>
      <CorrelationId>Intent.ModuleBuilder.ProjectItemTemplate.Partial#81481d0d-dce6-4761-aa0d-7fc635399735</CorrelationId>
      <OverwriteBehaviour>always</OverwriteBehaviour>
      <ApplicationRelativeFilePath>../../src/Aryzac.GitHubIssues/Templates/Domain/DomainDto/DomainDtoTemplatePartial.cs</ApplicationRelativeFilePath>
      <ProjectRelativeFilePath>Domain/DomainDto/DomainDtoTemplatePartial.cs</ProjectRelativeFilePath>
      <IsIgnored>false</IsIgnored>
    </FileLog>
    <FileLog>
      <ProjectId>a0d86f7a-a607-4709-8731-364d1826dadc</ProjectId>
      <CorrelationId>Intent.ModuleBuilder.TemplateRegistration.FilePerModel#81481d0d-dce6-4761-aa0d-7fc635399735</CorrelationId>
      <OverwriteBehaviour>always</OverwriteBehaviour>
      <ApplicationRelativeFilePath>../../src/Aryzac.GitHubIssues/Templates/Domain/DomainDto/DomainDtoTemplateRegistration.cs</ApplicationRelativeFilePath>
      <ProjectRelativeFilePath>Domain/DomainDto/DomainDtoTemplateRegistration.cs</ProjectRelativeFilePath>
      <IsIgnored>false</IsIgnored>
    </FileLog>
    <FileLog>
      <ProjectId>a0d86f7a-a607-4709-8731-364d1826dadc</ProjectId>
      <CorrelationId>Intent.ModuleBuilder.ProjectItemTemplate.T4Template.PreProcessed#516c84ae-0c73-46a5-aa63-9b08e0411ae7</CorrelationId>
      <OverwriteBehaviour>always</OverwriteBehaviour>
      <ApplicationRelativeFilePath>../../src/Aryzac.GitHubIssues/Templates/Domain/DomainEvent/DomainEventTemplate.cs</ApplicationRelativeFilePath>
      <ProjectRelativeFilePath>Domain/DomainEvent/DomainEventTemplate.cs</ProjectRelativeFilePath>
      <IsIgnored>false</IsIgnored>
    </FileLog>
    <FileLog>
      <ProjectId>a0d86f7a-a607-4709-8731-364d1826dadc</ProjectId>
      <CorrelationId>Intent.ModuleBuilder.Templates.FileTemplateT4#516c84ae-0c73-46a5-aa63-9b08e0411ae7</CorrelationId>
      <OverwriteBehaviour>always</OverwriteBehaviour>
      <ApplicationRelativeFilePath>../../src/Aryzac.GitHubIssues/Templates/Domain/DomainEvent/DomainEventTemplate.tt</ApplicationRelativeFilePath>
      <ProjectRelativeFilePath>Domain/DomainEvent/DomainEventTemplate.tt</ProjectRelativeFilePath>
      <IsIgnored>false</IsIgnored>
    </FileLog>
    <FileLog>
      <ProjectId>a0d86f7a-a607-4709-8731-364d1826dadc</ProjectId>
      <CorrelationId>Intent.ModuleBuilder.ProjectItemTemplate.Partial#516c84ae-0c73-46a5-aa63-9b08e0411ae7</CorrelationId>
      <OverwriteBehaviour>always</OverwriteBehaviour>
      <ApplicationRelativeFilePath>../../src/Aryzac.GitHubIssues/Templates/Domain/DomainEvent/DomainEventTemplatePartial.cs</ApplicationRelativeFilePath>
      <ProjectRelativeFilePath>Domain/DomainEvent/DomainEventTemplatePartial.cs</ProjectRelativeFilePath>
      <IsIgnored>false</IsIgnored>
    </FileLog>
    <FileLog>
      <ProjectId>a0d86f7a-a607-4709-8731-364d1826dadc</ProjectId>
      <CorrelationId>Intent.ModuleBuilder.TemplateRegistration.FilePerModel#516c84ae-0c73-46a5-aa63-9b08e0411ae7</CorrelationId>
      <OverwriteBehaviour>always</OverwriteBehaviour>
      <ApplicationRelativeFilePath>../../src/Aryzac.GitHubIssues/Templates/Domain/DomainEvent/DomainEventTemplateRegistration.cs</ApplicationRelativeFilePath>
      <ProjectRelativeFilePath>Domain/DomainEvent/DomainEventTemplateRegistration.cs</ProjectRelativeFilePath>
      <IsIgnored>false</IsIgnored>
    </FileLog>
    <FileLog>
      <ProjectId>a0d86f7a-a607-4709-8731-364d1826dadc</ProjectId>
      <CorrelationId>Intent.ModuleBuilder.ProjectItemTemplate.T4Template.PreProcessed#952aefa1-8111-46db-95a9-14872a8ae689</CorrelationId>
      <OverwriteBehaviour>always</OverwriteBehaviour>
      <ApplicationRelativeFilePath>../../src/Aryzac.GitHubIssues/Templates/Domain/DomainValueObject/DomainValueObjectTemplate.cs</ApplicationRelativeFilePath>
      <ProjectRelativeFilePath>Domain/DomainValueObject/DomainValueObjectTemplate.cs</ProjectRelativeFilePath>
      <IsIgnored>false</IsIgnored>
    </FileLog>
    <FileLog>
      <ProjectId>a0d86f7a-a607-4709-8731-364d1826dadc</ProjectId>
      <CorrelationId>Intent.ModuleBuilder.Templates.FileTemplateT4#952aefa1-8111-46db-95a9-14872a8ae689</CorrelationId>
      <OverwriteBehaviour>always</OverwriteBehaviour>
      <ApplicationRelativeFilePath>../../src/Aryzac.GitHubIssues/Templates/Domain/DomainValueObject/DomainValueObjectTemplate.tt</ApplicationRelativeFilePath>
      <ProjectRelativeFilePath>Domain/DomainValueObject/DomainValueObjectTemplate.tt</ProjectRelativeFilePath>
      <IsIgnored>false</IsIgnored>
    </FileLog>
    <FileLog>
      <ProjectId>a0d86f7a-a607-4709-8731-364d1826dadc</ProjectId>
      <CorrelationId>Intent.ModuleBuilder.ProjectItemTemplate.Partial#952aefa1-8111-46db-95a9-14872a8ae689</CorrelationId>
      <OverwriteBehaviour>always</OverwriteBehaviour>
      <ApplicationRelativeFilePath>../../src/Aryzac.GitHubIssues/Templates/Domain/DomainValueObject/DomainValueObjectTemplatePartial.cs</ApplicationRelativeFilePath>
      <ProjectRelativeFilePath>Domain/DomainValueObject/DomainValueObjectTemplatePartial.cs</ProjectRelativeFilePath>
      <IsIgnored>false</IsIgnored>
    </FileLog>
    <FileLog>
      <ProjectId>a0d86f7a-a607-4709-8731-364d1826dadc</ProjectId>
      <CorrelationId>Intent.ModuleBuilder.TemplateRegistration.FilePerModel#952aefa1-8111-46db-95a9-14872a8ae689</CorrelationId>
      <OverwriteBehaviour>always</OverwriteBehaviour>
      <ApplicationRelativeFilePath>../../src/Aryzac.GitHubIssues/Templates/Domain/DomainValueObject/DomainValueObjectTemplateRegistration.cs</ApplicationRelativeFilePath>
      <ProjectRelativeFilePath>Domain/DomainValueObject/DomainValueObjectTemplateRegistration.cs</ProjectRelativeFilePath>
      <IsIgnored>false</IsIgnored>
    </FileLog>
    <FileLog>
      <CorrelationId>Intent.VisualStudio.Projects.VisualStudioSolution#d5b6a089-93f6-4dba-94ec-e79761fa6411</CorrelationId>
      <OverwriteBehaviour>always</OverwriteBehaviour>
      <ApplicationRelativeFilePath>../../src/Aryzac.sln</ApplicationRelativeFilePath>
      <IsIgnored>false</IsIgnored>
    </FileLog>
  </FileLogs>
</outputLog>